INFO: Initializing raylib 6.0
INFO: Platform backend: DESKTOP (GLFW)
INFO: Supported raylib modules:
INFO:     > rcore:..... loaded (mandatory)
INFO:     > rlgl:...... loaded (mandatory)
INFO:     > rshapes:... loaded (optional)
INFO:     > rtextures:. loaded (optional)
INFO:     > rtext:..... loaded (optional)
INFO:     > rmodels:... loaded (optional)
INFO:     > raudio:.... loaded (optional)
INFO: DISPLAY: Trying to enable MSAA x4
INFO: DISPLAY: Device initialized successfully
INFO:     > Display size: 1440 x 900
INFO:     > Screen size:  1280 x 720
INFO:     > Render size:  1280 x 720
INFO:     > Viewport offsets: 0, 0
INFO: GLAD: OpenGL extensions loaded successfully
INFO: GL: Supported extensions count: 131
INFO: GL: OpenGL device information:
INFO:     > Vendor:   Microsoft Corporation
INFO:     > Renderer: D3D12 (NVIDIA GeForce RTX 4070 Laptop GPU)
INFO:     > Version:  3.3 (Core Profile) Mesa 21.2.6
INFO:     > GLSL:     3.30
INFO: GL: VAO extension detected, VAO functions loaded successfully
INFO: GL: NPOT textures extension detected, full NPOT textures supported
INFO: GL: DXT compressed textures supported
INFO: GL: ETC2/EAC compressed textures supported
INFO: PLATFORM: DESKTOP (GLFW - X11): Initialized successfully
INFO: TEXTURE: [ID 1] Texture loaded successfully (1x1 | R8G8B8A8 | 1 mipmaps)
INFO: TEXTURE: [ID 1] Default texture loaded successfully
INFO: SHADER: [ID 1] Vertex shader compiled successfully
INFO: SHADER: [ID 2] Fragment shader compiled successfully
INFO: SHADER: [ID 3] Program shader loaded successfully
INFO: SHADER: [ID 3] Default shader loaded successfully
INFO: RLGL: Render batch vertex buffers loaded successfully in RAM (CPU)
INFO: RLGL: Render batch vertex buffers loaded successfully in VRAM (GPU)
INFO: RLGL: Default OpenGL state initialized successfully
INFO: TEXTURE: [ID 2] Texture loaded successfully (128x128 | GRAY_ALPHA | 1 mipmaps)
INFO: FONT: Default font loaded successfully (224 glyphs)
INFO: SYSTEM: Working Directory: /tmp/borrow-adventure-native-texts-opening-20260910-a
INFO: TIMER: Target time per frame: 16.667 milliseconds
INFO: FILEIO: [/home/willams/borrow-fighters/assets/adventure/fonts/Barlow-Regular.ttf] File loaded successfully
WARNING: FONT: Requested codepoints glyphs found: [339/567]
INFO: TEXTURE: [ID 3] Texture loaded successfully (1024x1024 | GRAY_ALPHA | 1 mipmaps)
INFO: FONT: Data loaded successfully (48 pixel size | 339 glyphs)
INFO: FILEIO: [/home/willams/borrow-fighters/assets/adventure/fonts/Lora-Variable.ttf] File loaded successfully
WARNING: FONT: Requested codepoints glyphs found: [352/567]
INFO: TEXTURE: [ID 4] Texture loaded successfully (1024x1024 | GRAY_ALPHA | 1 mipmaps)
INFO: FONT: Data loaded successfully (64 pixel size | 352 glyphs)
INFO: FILEIO: [/home/willams/borrow-fighters/assets/adventure/opening/roster/rust.png] File loaded successfully
INFO: IMAGE: Data loaded successfully (1254x1254 | R8G8B8A8 | 1 mipmaps)
INFO: TEXTURE: [ID 5] Texture loaded successfully (1254x1254 | R8G8B8A8 | 1 mipmaps)
INFO: FILEIO: [/home/willams/borrow-fighters/assets/adventure/opening/roster/duke.png] File loaded successfully
INFO: IMAGE: Data loaded successfully (964x320 | R8G8B8A8 | 1 mipmaps)
INFO: TEXTURE: [ID 6] Texture loaded successfully (964x320 | R8G8B8A8 | 1 mipmaps)
INFO: FILEIO: [/home/willams/borrow-fighters/assets/adventure/opening/roster/c.png] File loaded successfully
INFO: IMAGE: Data loaded successfully (651x326 | R8G8B8A8 | 1 mipmaps)
INFO: TEXTURE: [ID 7] Texture loaded successfully (651x326 | R8G8B8A8 | 1 mipmaps)
INFO: FILEIO: [/home/willams/borrow-fighters/assets/adventure/opening/roster/python.png] File loaded successfully
INFO: IMAGE: Data loaded successfully (884x332 | R8G8B8A8 | 1 mipmaps)
INFO: TEXTURE: [ID 8] Texture loaded successfully (884x332 | R8G8B8A8 | 1 mipmaps)
INFO: FILEIO: [/home/willams/borrow-fighters/assets/adventure/opening/roster/cpp.png] File loaded successfully
INFO: IMAGE: Data loaded successfully (798x299 | R8G8B8A8 | 1 mipmaps)
INFO: TEXTURE: [ID 9] Texture loaded successfully (798x299 | R8G8B8A8 | 1 mipmaps)
INFO: FILEIO: [/home/willams/borrow-fighters/assets/adventure/opening/roster/go.png] File loaded successfully
INFO: IMAGE: Data loaded successfully (633x282 | R8G8B8A8 | 1 mipmaps)
INFO: TEXTURE: [ID 10] Texture loaded successfully (633x282 | R8G8B8A8 | 1 mipmaps)
INFO: FILEIO: [/home/willams/borrow-fighters/assets/adventure/fonts/BarlowCondensed-SemiBold.ttf] File loaded successfully
WARNING: FONT: Requested codepoints glyphs found: [339/567]
INFO: TEXTURE: [ID 11] Texture loaded successfully (2048x2048 | GRAY_ALPHA | 1 mipmaps)
INFO: FONT: Data loaded successfully (120 pixel size | 339 glyphs)
INFO: FILEIO: [/home/willams/borrow-fighters/assets/adventure/opening/cpp-origin.png] File loaded successfully
INFO: IMAGE: Data loaded successfully (1182x1330 | R8G8B8 | 1 mipmaps)
INFO: TEXTURE: [ID 12] Texture loaded successfully (1182x1330 | R8G8B8 | 1 mipmaps)
INFO: FILEIO: [/home/willams/borrow-fighters/assets/adventure/opening/python-teacher.png] File loaded successfully
INFO: IMAGE: Data loaded successfully (1182x1330 | R8G8B8 | 1 mipmaps)
INFO: TEXTURE: [ID 13] Texture loaded successfully (1182x1330 | R8G8B8 | 1 mipmaps)
INFO: FILEIO: [/home/willams/borrow-fighters/assets/adventure/ada-prologue.png] File loaded successfully
INFO: IMAGE: Data loaded successfully (2048x768 | R8G8B8 | 1 mipmaps)
INFO: TEXTURE: [ID 14] Texture loaded successfully (2048x768 | R8G8B8 | 1 mipmaps)
INFO: FILEIO: [/home/willams/borrow-fighters/assets/adventure/rust-morning.png] File loaded successfully
INFO: IMAGE: Data loaded successfully (1448x1086 | R8G8B8A8 | 1 mipmaps)
INFO: TEXTURE: [ID 15] Texture loaded successfully (1448x1086 | R8G8B8A8 | 1 mipmaps)
INFO: FILEIO: [/home/willams/borrow-fighters/assets/adventure/adventure-environments.png] File loaded successfully
INFO: IMAGE: Data loaded successfully (1182x1330 | R8G8B8 | 1 mipmaps)
INFO: TEXTURE: [ID 16] Texture loaded successfully (1182x1330 | R8G8B8 | 1 mipmaps)
INFO: FILEIO: [/home/willams/borrow-fighters/assets/adventure/erratic.png] File loaded successfully
INFO: IMAGE: Data loaded successfully (1774x887 | R8G8B8A8 | 1 mipmaps)
INFO: TEXTURE: [ID 17] Texture loaded successfully (1774x887 | R8G8B8A8 | 1 mipmaps)
INFO: FILEIO: [/home/willams/borrow-fighters/assets/adventure/rust-actions.png] File loaded successfully
INFO: IMAGE: Data loaded successfully (1254x1254 | R8G8B8A8 | 1 mipmaps)
INFO: TEXTURE: [ID 18] Texture loaded successfully (1254x1254 | R8G8B8A8 | 1 mipmaps)
INFO: TEXTURE: [ID 19] Texture loaded successfully (1280x720 | R8G8B8A8 | 1 mipmaps)
INFO: TEXTURE: [ID 1] Depth renderbuffer loaded successfully (32 bits)
INFO: FBO: [ID 1] Framebuffer object created successfully
INFO: TEXTURE: [ID 19] Pixel data retrieved successfully
INFO: TEXTURE: [ID 19] Pixel data retrieved successfully
INFO: TEXTURE: [ID 19] Pixel data retrieved successfully
INFO: TEXTURE: [ID 19] Pixel data retrieved successfully
INFO: TEXTURE: [ID 19] Pixel data retrieved successfully
INFO: TEXTURE: [ID 19] Pixel data retrieved successfully
INFO: TEXTURE: [ID 19] Pixel data retrieved successfully
INFO: TEXTURE: [ID 19] Pixel data retrieved successfully
INFO: TEXTURE: [ID 19] Pixel data retrieved successfully
INFO: TEXTURE: [ID 19] Pixel data retrieved successfully
INFO: TEXTURE: [ID 19] Pixel data retrieved successfully
INFO: TEXTURE: [ID 19] Pixel data retrieved successfully
INFO: TEXTURE: [ID 19] Pixel data retrieved successfully
INFO: TEXTURE: [ID 19] Pixel data retrieved successfully
INFO: TEXTURE: [ID 19] Pixel data retrieved successfully
INFO: TEXTURE: [ID 19] Pixel data retrieved successfully
INFO: TEXTURE: [ID 19] Pixel data retrieved successfully
INFO: TEXTURE: [ID 19] Pixel data retrieved successfully
INFO: TEXTURE: [ID 19] Pixel data retrieved successfully
INFO: TEXTURE: [ID 19] Pixel data retrieved successfully
INFO: TEXTURE: [ID 19] Pixel data retrieved successfully
INFO: TEXTURE: [ID 19] Pixel data retrieved successfully
INFO: FILEIO: [/tmp/borrow-adventure-native-texts-opening-20260910-a/screenshot000.png] File saved successfully
INFO: FILEIO: [/tmp/borrow-adventure-native-texts-opening-20260910-a/screenshot000.png] Image exported successfully
INFO: SYSTEM: [/tmp/borrow-adventure-native-texts-opening-20260910-a/screenshot000.png] Screenshot taken successfully
INFO: TEXTURE: [ID 19] Pixel data retrieved successfully
INFO: TEXTURE: [ID 19] Pixel data retrieved successfully
INFO: FILEIO: [/tmp/borrow-adventure-native-texts-opening-20260910-a/userdata/captures/adventure/adventure-000043.png] File saved successfully
INFO: FILEIO: [/tmp/borrow-adventure-native-texts-opening-20260910-a/userdata/captures/adventure/adventure-000043.png] Image exported successfully
INFO: TEXTURE: [ID 19] Pixel data retrieved successfully
INFO: TEXTURE: [ID 19] Pixel data retrieved successfully
INFO: TEXTURE: [ID 19] Pixel data retrieved successfully
INFO: TEXTURE: [ID 19] Pixel data retrieved successfully
INFO: TEXTURE: [ID 19] Pixel data retrieved successfully
INFO: FILEIO: [/tmp/borrow-adventure-native-texts-opening-20260910-a/screenshot001.png] File saved successfully
INFO: FILEIO: [/tmp/borrow-adventure-native-texts-opening-20260910-a/screenshot001.png] Image exported successfully
INFO: SYSTEM: [/tmp/borrow-adventure-native-texts-opening-20260910-a/screenshot001.png] Screenshot taken successfully
INFO: TEXTURE: [ID 19] Pixel data retrieved successfully
INFO: TEXTURE: [ID 19] Pixel data retrieved successfully
INFO: FILEIO: [/tmp/borrow-adventure-native-texts-opening-20260910-a/userdata/captures/adventure/adventure-000051.png] File saved successfully
INFO: FILEIO: [/tmp/borrow-adventure-native-texts-opening-20260910-a/userdata/captures/adventure/adventure-000051.png] Image exported successfully
INFO: TEXTURE: [ID 19] Pixel data retrieved successfully
INFO: TEXTURE: [ID 19] Pixel data retrieved successfully
INFO: TEXTURE: [ID 19] Pixel data retrieved successfully
INFO: TEXTURE: [ID 19] Pixel data retrieved successfully
INFO: TEXTURE: [ID 19] Pixel data retrieved successfully
INFO: TEXTURE: [ID 19] Pixel data retrieved successfully
INFO: TEXTURE: [ID 19] Pixel data retrieved successfully
INFO: TEXTURE: [ID 19] Pixel data retrieved successfully
INFO: TEXTURE: [ID 19] Pixel data retrieved successfully
INFO: TEXTURE: [ID 19] Pixel data retrieved successfully
INFO: TEXTURE: [ID 19] Pixel data retrieved successfully
INFO: TEXTURE: [ID 19] Pixel data retrieved successfully
INFO: TEXTURE: [ID 19] Pixel data retrieved successfully
INFO: TEXTURE: [ID 19] Pixel data retrieved successfully
INFO: TEXTURE: [ID 19] Pixel data retrieved successfully
INFO: TEXTURE: [ID 19] Pixel data retrieved successfully
INFO: TEXTURE: [ID 19] Pixel data retrieved successfully
INFO: TEXTURE: [ID 19] Pixel data retrieved successfully
INFO: TEXTURE: [ID 19] Pixel data retrieved successfully
INFO: TEXTURE: [ID 19] Pixel data retrieved successfully
INFO: TEXTURE: [ID 19] Pixel data retrieved successfully
INFO: TEXTURE: [ID 19] Pixel data retrieved successfully
INFO: TEXTURE: [ID 19] Pixel data retrieved successfully
INFO: FILEIO: [/tmp/borrow-adventure-native-texts-opening-20260910-a/screenshot002.png] File saved successfully
INFO: FILEIO: [/tmp/borrow-adventure-native-texts-opening-20260910-a/screenshot002.png] Image exported successfully
INFO: SYSTEM: [/tmp/borrow-adventure-native-texts-opening-20260910-a/screenshot002.png] Screenshot taken successfully
INFO: TEXTURE: [ID 19] Pixel data retrieved successfully
INFO: TEXTURE: [ID 19] Pixel data retrieved successfully
INFO: FILEIO: [/tmp/borrow-adventure-native-texts-opening-20260910-a/userdata/captures/adventure/adventure-000093.png] File saved successfully
INFO: FILEIO: [/tmp/borrow-adventure-native-texts-opening-20260910-a/userdata/captures/adventure/adventure-000093.png] Image exported successfully
INFO: TEXTURE: [ID 19] Pixel data retrieved successfully
INFO: TEXTURE: [ID 19] Pixel data retrieved successfully
INFO: TEXTURE: [ID 19] Pixel data retrieved successfully
/tmp/borrow-adventure-native-texts-opening-20260910-a/texts-under-test.json: EOF while parsing a value at line 1 column 43
INFO: TEXTURE: [ID 19] Pixel data retrieved successfully
INFO: TEXTURE: [ID 19] Pixel data retrieved successfully
INFO: FILEIO: [/tmp/borrow-adventure-native-texts-opening-20260910-a/screenshot003.png] File saved successfully
INFO: FILEIO: [/tmp/borrow-adventure-native-texts-opening-20260910-a/screenshot003.png] Image exported successfully
INFO: SYSTEM: [/tmp/borrow-adventure-native-texts-opening-20260910-a/screenshot003.png] Screenshot taken successfully
INFO: TEXTURE: [ID 19] Pixel data retrieved successfully
INFO: TEXTURE: [ID 19] Pixel data retrieved successfully
INFO: FILEIO: [/tmp/borrow-adventure-native-texts-opening-20260910-a/userdata/captures/adventure/adventure-000101.png] File saved successfully
INFO: FILEIO: [/tmp/borrow-adventure-native-texts-opening-20260910-a/userdata/captures/adventure/adventure-000101.png] Image exported successfully
INFO: TEXTURE: [ID 19] Pixel data retrieved successfully
INFO: TEXTURE: [ID 19] Pixel data retrieved successfully
INFO: TEXTURE: [ID 19] Pixel data retrieved successfully
INFO: TEXTURE: [ID 19] Pixel data retrieved successfully
INFO: TEXTURE: [ID 19] Pixel data retrieved successfully
INFO: TEXTURE: [ID 19] Pixel data retrieved successfully
INFO: TEXTURE: [ID 19] Pixel data retrieved successfully
INFO: TEXTURE: [ID 19] Pixel data retrieved successfully
INFO: TEXTURE: [ID 19] Pixel data retrieved successfully
INFO: TEXTURE: [ID 19] Pixel data retrieved successfully
INFO: FILEIO: [/tmp/borrow-adventure-native-texts-opening-20260910-a/screenshot004.png] File saved successfully
INFO: FILEIO: [/tmp/borrow-adventure-native-texts-opening-20260910-a/screenshot004.png] Image exported successfully
INFO: SYSTEM: [/tmp/borrow-adventure-native-texts-opening-20260910-a/screenshot004.png] Screenshot taken successfully
INFO: TEXTURE: [ID 19] Pixel data retrieved successfully
INFO: TEXTURE: [ID 19] Pixel data retrieved successfully
INFO: FILEIO: [/tmp/borrow-adventure-native-texts-opening-20260910-a/userdata/captures/adventure/adventure-000118.png] File saved successfully
INFO: FILEIO: [/tmp/borrow-adventure-native-texts-opening-20260910-a/userdata/captures/adventure/adventure-000118.png] Image exported successfully
INFO: TEXTURE: [ID 19] Pixel data retrieved successfully
INFO: TEXTURE: [ID 19] Pixel data retrieved successfully
INFO: TEXTURE: [ID 19] Pixel data retrieved successfully
INFO: TEXTURE: [ID 19] Pixel data retrieved successfully
INFO: TEXTURE: [ID 19] Pixel data retrieved successfully
INFO: TEXTURE: [ID 19] Pixel data retrieved successfully
INFO: TEXTURE: [ID 19] Pixel data retrieved successfully
INFO: TEXTURE: [ID 19] Pixel data retrieved successfully
INFO: TEXTURE: [ID 19] Pixel data retrieved successfully
INFO: TEXTURE: [ID 19] Pixel data retrieved successfully
INFO: TEXTURE: [ID 19] Pixel data retrieved successfully
INFO: TEXTURE: [ID 19] Pixel data retrieved successfully
INFO: TEXTURE: [ID 19] Pixel data retrieved successfully
INFO: TEXTURE: [ID 19] Pixel data retrieved successfully
INFO: TEXTURE: [ID 19] Pixel data retrieved successfully
INFO: TEXTURE: [ID 19] Pixel data retrieved successfully
INFO: TEXTURE: [ID 19] Pixel data retrieved successfully
INFO: TEXTURE: [ID 19] Pixel data retrieved successfully
INFO: TEXTURE: [ID 19] Pixel data retrieved successfully
INFO: TEXTURE: [ID 19] Pixel data retrieved successfully
INFO: TEXTURE: [ID 19] Pixel data retrieved successfully
INFO: TEXTURE: [ID 19] Pixel data retrieved successfully
INFO: TEXTURE: [ID 19] Pixel data retrieved successfully
INFO: TEXTURE: [ID 19] Pixel data retrieved successfully
INFO: TEXTURE: [ID 19] Pixel data retrieved successfully
INFO: TEXTURE: [ID 19] Pixel data retrieved successfully
INFO: TEXTURE: [ID 19] Pixel data retrieved successfully
INFO: FILEIO: [/tmp/borrow-adventure-native-texts-opening-20260910-a/screenshot005.png] File saved successfully
INFO: FILEIO: [/tmp/borrow-adventure-native-texts-opening-20260910-a/screenshot005.png] Image exported successfully
INFO: SYSTEM: [/tmp/borrow-adventure-native-texts-opening-20260910-a/screenshot005.png] Screenshot taken successfully
INFO: TEXTURE: [ID 19] Pixel data retrieved successfully
INFO: TEXTURE: [ID 19] Pixel data retrieved successfully
INFO: FILEIO: [/tmp/borrow-adventure-native-texts-opening-20260910-a/userdata/captures/adventure/adventure-000170.png] File saved successfully
INFO: FILEIO: [/tmp/borrow-adventure-native-texts-opening-20260910-a/userdata/captures/adventure/adventure-000170.png] Image exported successfully
INFO: TEXTURE: [ID 19] Pixel data retrieved successfully
INFO: TEXTURE: [ID 19] Pixel data retrieved successfully
INFO: TEXTURE: [ID 19] Pixel data retrieved successfully
INFO: TEXTURE: [ID 19] Pixel data retrieved successfully
INFO: TEXTURE: [ID 19] Pixel data retrieved successfully
INFO: TEXTURE: [ID 19] Pixel data retrieved successfully
INFO: TEXTURE: [ID 19] Pixel data retrieved successfully
INFO: TEXTURE: [ID 19] Pixel data retrieved successfully
INFO: TEXTURE: [ID 19] Pixel data retrieved successfully
INFO: TEXTURE: [ID 19] Pixel data retrieved successfully
INFO: TEXTURE: [ID 19] Pixel data retrieved successfully
INFO: TEXTURE: [ID 19] Pixel data retrieved successfully
INFO: TEXTURE: [ID 19] Pixel data retrieved successfully
INFO: TEXTURE: [ID 19] Pixel data retrieved successfully
INFO: TEXTURE: [ID 19] Pixel data retrieved successfully
INFO: TEXTURE: [ID 19] Pixel data retrieved successfully
INFO: TEXTURE: [ID 19] Pixel data retrieved successfully
INFO: TEXTURE: [ID 19] Pixel data retrieved successfully
INFO: TEXTURE: [ID 19] Pixel data retrieved successfully
INFO: TEXTURE: [ID 19] Pixel data retrieved successfully
INFO: TEXTURE: [ID 19] Pixel data retrieved successfully
INFO: TEXTURE: [ID 19] Pixel data retrieved successfully
INFO: TEXTURE: [ID 19] Pixel data retrieved successfully
INFO: TEXTURE: [ID 19] Pixel data retrieved successfully
INFO: TEXTURE: [ID 19] Pixel data retrieved successfully
INFO: TEXTURE: [ID 19] Pixel data retrieved successfully
INFO: TEXTURE: [ID 19] Pixel data retrieved successfully
INFO: TEXTURE: [ID 19] Pixel data retrieved successfully
INFO: TEXTURE: [ID 19] Pixel data retrieved successfully
INFO: TEXTURE: [ID 19] Pixel data retrieved successfully
INFO: TEXTURE: [ID 19] Pixel data retrieved successfully
INFO: TEXTURE: [ID 19] Pixel data retrieved successfully
INFO: TEXTURE: [ID 19] Pixel data retrieved successfully
INFO: TEXTURE: [ID 19] Pixel data retrieved successfully
INFO: TEXTURE: [ID 19] Pixel data retrieved successfully
INFO: TEXTURE: [ID 19] Pixel data retrieved successfully
INFO: TEXTURE: [ID 19] Pixel data retrieved successfully
INFO: TEXTURE: [ID 19] Pixel data retrieved successfully
INFO: TEXTURE: [ID 19] Pixel data retrieved successfully
INFO: TEXTURE: [ID 19] Pixel data retrieved successfully
INFO: TEXTURE: [ID 19] Pixel data retrieved successfully
INFO: TEXTURE: [ID 19] Pixel data retrieved successfully
INFO: TEXTURE: [ID 19] Pixel data retrieved successfully
INFO: TEXTURE: [ID 19] Pixel data retrieved successfully
INFO: TEXTURE: [ID 19] Pixel data retrieved successfully
INFO: TEXTURE: [ID 19] Pixel data retrieved successfully
INFO: TEXTURE: [ID 19] Pixel data retrieved successfully
INFO: TEXTURE: [ID 19] Pixel data retrieved successfully
INFO: TEXTURE: [ID 19] Pixel data retrieved successfully
INFO: TEXTURE: [ID 19] Pixel data retrieved successfully
INFO: TEXTURE: [ID 19] Pixel data retrieved successfully
INFO: TEXTURE: [ID 19] Pixel data retrieved successfully
INFO: TEXTURE: [ID 19] Pixel data retrieved successfully
INFO: TEXTURE: [ID 19] Pixel data retrieved successfully
INFO: TEXTURE: [ID 19] Pixel data retrieved successfully
INFO: TEXTURE: [ID 19] Pixel data retrieved successfully
INFO: TEXTURE: [ID 19] Pixel data retrieved successfully
INFO: TEXTURE: [ID 19] Pixel data retrieved successfully
INFO: TEXTURE: [ID 19] Pixel data retrieved successfully
INFO: TEXTURE: [ID 19] Pixel data retrieved successfully
INFO: TEXTURE: [ID 19] Pixel data retrieved successfully
INFO: TEXTURE: [ID 19] Pixel data retrieved successfully
INFO: TEXTURE: [ID 19] Pixel data retrieved successfully
INFO: TEXTURE: [ID 19] Pixel data retrieved successfully
INFO: TEXTURE: [ID 19] Pixel data retrieved successfully
INFO: TEXTURE: [ID 19] Pixel data retrieved successfully
INFO: TEXTURE: [ID 19] Pixel data retrieved successfully
INFO: TEXTURE: [ID 19] Pixel data retrieved successfully
INFO: TEXTURE: [ID 19] Pixel data retrieved successfully
INFO: TEXTURE: [ID 19] Pixel data retrieved successfully
INFO: TEXTURE: [ID 19] Pixel data retrieved successfully
INFO: TEXTURE: [ID 19] Pixel data retrieved successfully
INFO: TEXTURE: [ID 19] Pixel data retrieved successfully
INFO: TEXTURE: [ID 19] Pixel data retrieved successfully
INFO: TEXTURE: [ID 19] Pixel data retrieved successfully
INFO: TEXTURE: [ID 19] Pixel data retrieved successfully
INFO: TEXTURE: [ID 19] Pixel data retrieved successfully
INFO: TEXTURE: [ID 19] Pixel data retrieved successfully
INFO: TEXTURE: [ID 19] Pixel data retrieved successfully
INFO: TEXTURE: [ID 19] Pixel data retrieved successfully
INFO: TEXTURE: [ID 19] Pixel data retrieved successfully
INFO: TEXTURE: [ID 19] Pixel data retrieved successfully
INFO: TEXTURE: [ID 19] Pixel data retrieved successfully
INFO: TEXTURE: [ID 19] Pixel data retrieved successfully
INFO: TEXTURE: [ID 19] Pixel data retrieved successfully
INFO: TEXTURE: [ID 19] Pixel data retrieved successfully
INFO: TEXTURE: [ID 19] Pixel data retrieved successfully
INFO: TEXTURE: [ID 19] Pixel data retrieved successfully
INFO: TEXTURE: [ID 19] Pixel data retrieved successfully
INFO: TEXTURE: [ID 19] Pixel data retrieved successfully
INFO: TEXTURE: [ID 19] Pixel data retrieved successfully
INFO: TEXTURE: [ID 19] Pixel data retrieved successfully
INFO: TEXTURE: [ID 19] Pixel data retrieved successfully
INFO: TEXTURE: [ID 19] Pixel data retrieved successfully
INFO: TEXTURE: [ID 19] Pixel data retrieved successfully
INFO: TEXTURE: [ID 19] Pixel data retrieved successfully
INFO: TEXTURE: [ID 19] Pixel data retrieved successfully
INFO: TEXTURE: [ID 19] Pixel data retrieved successfully
INFO: TEXTURE: [ID 19] Pixel data retrieved successfully
INFO: TEXTURE: [ID 19] Pixel data retrieved successfully
INFO: TEXTURE: [ID 19] Pixel data retrieved successfully
INFO: TEXTURE: [ID 19] Pixel data retrieved successfully
INFO: TEXTURE: [ID 19] Pixel data retrieved successfully
INFO: TEXTURE: [ID 19] Pixel data retrieved successfully
INFO: TEXTURE: [ID 19] Pixel data retrieved successfully
INFO: TEXTURE: [ID 19] Pixel data retrieved successfully
INFO: TEXTURE: [ID 19] Pixel data retrieved successfully
INFO: TEXTURE: [ID 19] Pixel data retrieved successfully
INFO: TEXTURE: [ID 19] Pixel data retrieved successfully
INFO: TEXTURE: [ID 19] Pixel data retrieved successfully
INFO: TEXTURE: [ID 19] Pixel data retrieved successfully
INFO: TEXTURE: [ID 19] Pixel data retrieved successfully
INFO: TEXTURE: [ID 19] Pixel data retrieved successfully
INFO: TEXTURE: [ID 19] Pixel data retrieved successfully
INFO: TEXTURE: [ID 19] Pixel data retrieved successfully
INFO: TEXTURE: [ID 19] Pixel data retrieved successfully
INFO: TEXTURE: [ID 19] Pixel data retrieved successfully
INFO: TEXTURE: [ID 19] Pixel data retrieved successfully
INFO: TEXTURE: [ID 19] Pixel data retrieved successfully
INFO: TEXTURE: [ID 19] Pixel data retrieved successfully
INFO: TEXTURE: [ID 19] Pixel data retrieved successfully
INFO: TEXTURE: [ID 19] Pixel data retrieved successfully
INFO: TEXTURE: [ID 19] Pixel data retrieved successfully
INFO: TEXTURE: [ID 19] Pixel data retrieved successfully
INFO: TEXTURE: [ID 19] Pixel data retrieved successfully
INFO: TEXTURE: [ID 19] Pixel data retrieved successfully
INFO: TEXTURE: [ID 19] Pixel data retrieved successfully
INFO: TEXTURE: [ID 19] Pixel data retrieved successfully
INFO: TEXTURE: [ID 19] Pixel data retrieved successfully
INFO: TEXTURE: [ID 19] Pixel data retrieved successfully
INFO: TEXTURE: [ID 19] Pixel data retrieved successfully
INFO: TEXTURE: [ID 19] Pixel data retrieved successfully
INFO: TEXTURE: [ID 19] Pixel data retrieved successfully
INFO: TEXTURE: [ID 19] Pixel data retrieved successfully
INFO: TEXTURE: [ID 19] Pixel data retrieved successfully
INFO: TEXTURE: [ID 19] Pixel data retrieved successfully
INFO: TEXTURE: [ID 19] Pixel data retrieved successfully
INFO: TEXTURE: [ID 19] Pixel data retrieved successfully
INFO: TEXTURE: [ID 19] Pixel data retrieved successfully
INFO: TEXTURE: [ID 19] Pixel data retrieved successfully
INFO: TEXTURE: [ID 19] Pixel data retrieved successfully
INFO: TEXTURE: [ID 19] Pixel data retrieved successfully
INFO: TEXTURE: [ID 19] Pixel data retrieved successfully
INFO: TEXTURE: [ID 19] Pixel data retrieved successfully
INFO: TEXTURE: [ID 19] Pixel data retrieved successfully
INFO: TEXTURE: [ID 19] Pixel data retrieved successfully
INFO: TEXTURE: [ID 19] Pixel data retrieved successfully
INFO: TEXTURE: [ID 19] Pixel data retrieved successfully
INFO: TEXTURE: [ID 19] Pixel data retrieved successfully
INFO: TEXTURE: [ID 19] Pixel data retrieved successfully
INFO: TEXTURE: [ID 19] Pixel data retrieved successfully
INFO: TEXTURE: [ID 19] Pixel data retrieved successfully
INFO: TEXTURE: [ID 19] Pixel data retrieved successfully
INFO: TEXTURE: [ID 19] Pixel data retrieved successfully
INFO: TEXTURE: [ID 19] Pixel data retrieved successfully
INFO: TEXTURE: [ID 19] Pixel data retrieved successfully
INFO: TEXTURE: [ID 19] Pixel data retrieved successfully
INFO: TEXTURE: [ID 19] Pixel data retrieved successfully
INFO: TEXTURE: [ID 19] Pixel data retrieved successfully
INFO: TEXTURE: [ID 19] Pixel data retrieved successfully
INFO: TEXTURE: [ID 19] Pixel data retrieved successfully
INFO: TEXTURE: [ID 19] Pixel data retrieved successfully
INFO: TEXTURE: [ID 19] Pixel data retrieved successfully
INFO: TEXTURE: [ID 19] Pixel data retrieved successfully
INFO: TEXTURE: [ID 19] Pixel data retrieved successfully
INFO: TEXTURE: [ID 19] Pixel data retrieved successfully
INFO: TEXTURE: [ID 19] Pixel data retrieved successfully
INFO: TEXTURE: [ID 19] Pixel data retrieved successfully
INFO: TEXTURE: [ID 19] Pixel data retrieved successfully
INFO: TEXTURE: [ID 19] Pixel data retrieved successfully
INFO: TEXTURE: [ID 19] Pixel data retrieved successfully
INFO: TEXTURE: [ID 19] Pixel data retrieved successfully
INFO: TEXTURE: [ID 19] Pixel data retrieved successfully
INFO: TEXTURE: [ID 19] Pixel data retrieved successfully
INFO: TEXTURE: [ID 19] Pixel data retrieved successfully
INFO: TEXTURE: [ID 19] Pixel data retrieved successfully
INFO: TEXTURE: [ID 19] Pixel data retrieved successfully
INFO: TEXTURE: [ID 19] Pixel data retrieved successfully
INFO: TEXTURE: [ID 19] Pixel data retrieved successfully
INFO: TEXTURE: [ID 19] Pixel data retrieved successfully
INFO: TEXTURE: [ID 19] Pixel data retrieved successfully
INFO: TEXTURE: [ID 19] Pixel data retrieved successfully
INFO: TEXTURE: [ID 19] Pixel data retrieved successfully
INFO: TEXTURE: [ID 19] Pixel data retrieved successfully
INFO: TEXTURE: [ID 19] Pixel data retrieved successfully
INFO: TEXTURE: [ID 19] Pixel data retrieved successfully
INFO: TEXTURE: [ID 19] Pixel data retrieved successfully
INFO: TEXTURE: [ID 19] Pixel data retrieved successfully
INFO: TEXTURE: [ID 19] Pixel data retrieved successfully
INFO: TEXTURE: [ID 19] Pixel data retrieved successfully
INFO: TEXTURE: [ID 19] Pixel data retrieved successfully
INFO: TEXTURE: [ID 19] Pixel data retrieved successfully
INFO: TEXTURE: [ID 19] Pixel data retrieved successfully
INFO: TEXTURE: [ID 19] Pixel data retrieved successfully
INFO: TEXTURE: [ID 19] Pixel data retrieved successfully
INFO: TEXTURE: [ID 19] Pixel data retrieved successfully
INFO: TEXTURE: [ID 19] Pixel data retrieved successfully
INFO: TEXTURE: [ID 19] Pixel data retrieved successfully
INFO: TEXTURE: [ID 19] Pixel data retrieved successfully
INFO: TEXTURE: [ID 19] Pixel data retrieved successfully
INFO: TEXTURE: [ID 19] Pixel data retrieved successfully
INFO: TEXTURE: [ID 19] Pixel data retrieved successfully
INFO: TEXTURE: [ID 19] Pixel data retrieved successfully
INFO: TEXTURE: [ID 19] Pixel data retrieved successfully
INFO: TEXTURE: [ID 19] Pixel data retrieved successfully
INFO: TEXTURE: [ID 19] Pixel data retrieved successfully
INFO: TEXTURE: [ID 19] Pixel data retrieved successfully
INFO: TEXTURE: [ID 19] Pixel data retrieved successfully
INFO: TEXTURE: [ID 19] Pixel data retrieved successfully
INFO: TEXTURE: [ID 19] Pixel data retrieved successfully
INFO: TEXTURE: [ID 19] Pixel data retrieved successfully
INFO: TEXTURE: [ID 19] Pixel data retrieved successfully
INFO: TEXTURE: [ID 19] Pixel data retrieved successfully
INFO: TEXTURE: [ID 19] Pixel data retrieved successfully
INFO: TEXTURE: [ID 19] Pixel data retrieved successfully
INFO: TEXTURE: [ID 19] Pixel data retrieved successfully
INFO: TEXTURE: [ID 19] Pixel data retrieved successfully
INFO: TEXTURE: [ID 19] Pixel data retrieved successfully
INFO: TEXTURE: [ID 19] Pixel data retrieved successfully
INFO: TEXTURE: [ID 19] Pixel data retrieved successfully
INFO: TEXTURE: [ID 19] Pixel data retrieved successfully
INFO: TEXTURE: [ID 19] Pixel data retrieved successfully
INFO: TEXTURE: [ID 19] Pixel data retrieved successfully
INFO: TEXTURE: [ID 19] Pixel data retrieved successfully
INFO: TEXTURE: [ID 19] Pixel data retrieved successfully
INFO: TEXTURE: [ID 19] Pixel data retrieved successfully
INFO: TEXTURE: [ID 19] Pixel data retrieved successfully
INFO: TEXTURE: [ID 19] Pixel data retrieved successfully
INFO: TEXTURE: [ID 19] Pixel data retrieved successfully
INFO: TEXTURE: [ID 19] Pixel data retrieved successfully
INFO: TEXTURE: [ID 19] Pixel data retrieved successfully
INFO: TEXTURE: [ID 19] Pixel data retrieved successfully
INFO: TEXTURE: [ID 19] Pixel data retrieved successfully
INFO: TEXTURE: [ID 19] Pixel data retrieved successfully
INFO: TEXTURE: [ID 19] Pixel data retrieved successfully
INFO: TEXTURE: [ID 19] Pixel data retrieved successfully
INFO: TEXTURE: [ID 19] Pixel data retrieved successfully
INFO: TEXTURE: [ID 19] Pixel data retrieved successfully
INFO: TEXTURE: [ID 19] Pixel data retrieved successfully
INFO: TEXTURE: [ID 19] Pixel data retrieved successfully
INFO: TEXTURE: [ID 19] Pixel data retrieved successfully
INFO: TEXTURE: [ID 19] Pixel data retrieved successfully
INFO: TEXTURE: [ID 19] Pixel data retrieved successfully
INFO: TEXTURE: [ID 19] Pixel data retrieved successfully
INFO: TEXTURE: [ID 19] Pixel data retrieved successfully
INFO: TEXTURE: [ID 19] Pixel data retrieved successfully
INFO: TEXTURE: [ID 19] Pixel data retrieved successfully
INFO: TEXTURE: [ID 19] Pixel data retrieved successfully
INFO: TEXTURE: [ID 19] Pixel data retrieved successfully
INFO: TEXTURE: [ID 19] Pixel data retrieved successfully
INFO: TEXTURE: [ID 19] Pixel data retrieved successfully
INFO: TEXTURE: [ID 19] Pixel data retrieved successfully
INFO: TEXTURE: [ID 19] Pixel data retrieved successfully
INFO: TEXTURE: [ID 19] Pixel data retrieved successfully
INFO: TEXTURE: [ID 19] Pixel data retrieved successfully
INFO: TEXTURE: [ID 19] Pixel data retrieved successfully
INFO: TEXTURE: [ID 19] Pixel data retrieved successfully
INFO: TEXTURE: [ID 19] Pixel data retrieved successfully
INFO: TEXTURE: [ID 19] Pixel data retrieved successfully
INFO: TEXTURE: [ID 19] Pixel data retrieved successfully
INFO: TEXTURE: [ID 19] Pixel data retrieved successfully
INFO: TEXTURE: [ID 19] Pixel data retrieved successfully
INFO: TEXTURE: [ID 19] Pixel data retrieved successfully
INFO: TEXTURE: [ID 19] Pixel data retrieved successfully
INFO: TEXTURE: [ID 19] Pixel data retrieved successfully
INFO: TEXTURE: [ID 19] Pixel data retrieved successfully
INFO: TEXTURE: [ID 19] Pixel data retrieved successfully
INFO: TEXTURE: [ID 19] Pixel data retrieved successfully
INFO: TEXTURE: [ID 19] Pixel data retrieved successfully
INFO: TEXTURE: [ID 19] Pixel data retrieved successfully
INFO: TEXTURE: [ID 19] Pixel data retrieved successfully
INFO: TEXTURE: [ID 19] Pixel data retrieved successfully
INFO: TEXTURE: [ID 19] Pixel data retrieved successfully
INFO: TEXTURE: [ID 19] Pixel data retrieved successfully
INFO: TEXTURE: [ID 19] Pixel data retrieved successfully
INFO: TEXTURE: [ID 19] Pixel data retrieved successfully
INFO: TEXTURE: [ID 19] Pixel data retrieved successfully
INFO: TEXTURE: [ID 19] Pixel data retrieved successfully
INFO: TEXTURE: [ID 19] Pixel data retrieved successfully
INFO: TEXTURE: [ID 19] Pixel data retrieved successfully
INFO: TEXTURE: [ID 19] Pixel data retrieved successfully
INFO: TEXTURE: [ID 19] Pixel data retrieved successfully
INFO: TEXTURE: [ID 19] Pixel data retrieved successfully
INFO: TEXTURE: [ID 19] Pixel data retrieved successfully
INFO: TEXTURE: [ID 19] Pixel data retrieved successfully
INFO: TEXTURE: [ID 19] Pixel data retrieved successfully
INFO: TEXTURE: [ID 19] Pixel data retrieved successfully
INFO: TEXTURE: [ID 19] Pixel data retrieved successfully
INFO: TEXTURE: [ID 19] Pixel data retrieved successfully
INFO: TEXTURE: [ID 19] Pixel data retrieved successfully
INFO: TEXTURE: [ID 19] Pixel data retrieved successfully
INFO: TEXTURE: [ID 19] Pixel data retrieved successfully
INFO: TEXTURE: [ID 19] Pixel data retrieved successfully
INFO: TEXTURE: [ID 19] Pixel data retrieved successfully
INFO: TEXTURE: [ID 19] Pixel data retrieved successfully
INFO: TEXTURE: [ID 19] Pixel data retrieved successfully
INFO: TEXTURE: [ID 19] Pixel data retrieved successfully
INFO: TEXTURE: [ID 19] Pixel data retrieved successfully
INFO: TEXTURE: [ID 19] Pixel data retrieved successfully
INFO: TEXTURE: [ID 19] Pixel data retrieved successfully
INFO: TEXTURE: [ID 19] Pixel data retrieved successfully
INFO: TEXTURE: [ID 19] Pixel data retrieved successfully
INFO: TEXTURE: [ID 19] Pixel data retrieved successfully
INFO: TEXTURE: [ID 19] Pixel data retrieved successfully
INFO: TEXTURE: [ID 19] Pixel data retrieved successfully
INFO: TEXTURE: [ID 19] Pixel data retrieved successfully
INFO: TEXTURE: [ID 19] Pixel data retrieved successfully
INFO: TEXTURE: [ID 19] Pixel data retrieved successfully
INFO: TEXTURE: [ID 19] Pixel data retrieved successfully
INFO: TEXTURE: [ID 19] Pixel data retrieved successfully
INFO: TEXTURE: [ID 19] Pixel data retrieved successfully
INFO: TEXTURE: [ID 19] Pixel data retrieved successfully
INFO: TEXTURE: [ID 19] Pixel data retrieved successfully
INFO: TEXTURE: [ID 19] Pixel data retrieved successfully
INFO: TEXTURE: [ID 19] Pixel data retrieved successfully
INFO: TEXTURE: [ID 19] Pixel data retrieved successfully
INFO: TEXTURE: [ID 19] Pixel data retrieved successfully
INFO: TEXTURE: [ID 19] Pixel data retrieved successfully
INFO: TEXTURE: [ID 19] Pixel data retrieved successfully
INFO: TEXTURE: [ID 19] Pixel data retrieved successfully
INFO: TEXTURE: [ID 19] Pixel data retrieved successfully
INFO: TEXTURE: [ID 19] Pixel data retrieved successfully
INFO: TEXTURE: [ID 19] Pixel data retrieved successfully
INFO: TEXTURE: [ID 19] Pixel data retrieved successfully
INFO: TEXTURE: [ID 19] Pixel data retrieved successfully
INFO: TEXTURE: [ID 19] Pixel data retrieved successfully
INFO: TEXTURE: [ID 19] Pixel data retrieved successfully
INFO: TEXTURE: [ID 19] Pixel data retrieved successfully
INFO: TEXTURE: [ID 19] Pixel data retrieved successfully
INFO: TEXTURE: [ID 19] Pixel data retrieved successfully
INFO: TEXTURE: [ID 19] Pixel data retrieved successfully
INFO: TEXTURE: [ID 19] Pixel data retrieved successfully
INFO: TEXTURE: [ID 19] Pixel data retrieved successfully
INFO: TEXTURE: [ID 19] Pixel data retrieved successfully
INFO: TEXTURE: [ID 19] Pixel data retrieved successfully
INFO: TEXTURE: [ID 19] Pixel data retrieved successfully
INFO: TEXTURE: [ID 19] Pixel data retrieved successfully
INFO: TEXTURE: [ID 19] Pixel data retrieved successfully
INFO: TEXTURE: [ID 19] Pixel data retrieved successfully
INFO: TEXTURE: [ID 19] Pixel data retrieved successfully
INFO: TEXTURE: [ID 19] Pixel data retrieved successfully
INFO: TEXTURE: [ID 19] Pixel data retrieved successfully
INFO: TEXTURE: [ID 19] Pixel data retrieved successfully
INFO: TEXTURE: [ID 19] Pixel data retrieved successfully
INFO: TEXTURE: [ID 19] Pixel data retrieved successfully
INFO: TEXTURE: [ID 19] Pixel data retrieved successfully
INFO: TEXTURE: [ID 19] Pixel data retrieved successfully
INFO: TEXTURE: [ID 19] Pixel data retrieved successfully
INFO: TEXTURE: [ID 19] Pixel data retrieved successfully
INFO: TEXTURE: [ID 19] Pixel data retrieved successfully
INFO: TEXTURE: [ID 19] Pixel data retrieved successfully
INFO: TEXTURE: [ID 19] Pixel data retrieved successfully
INFO: TEXTURE: [ID 19] Pixel data retrieved successfully
INFO: TEXTURE: [ID 19] Pixel data retrieved successfully
INFO: TEXTURE: [ID 19] Pixel data retrieved successfully
INFO: TEXTURE: [ID 19] Pixel data retrieved successfully
INFO: TEXTURE: [ID 19] Pixel data retrieved successfully
INFO: TEXTURE: [ID 19] Pixel data retrieved successfully
INFO: TEXTURE: [ID 19] Pixel data retrieved successfully
INFO: TEXTURE: [ID 19] Pixel data retrieved successfully
INFO: TEXTURE: [ID 19] Pixel data retrieved successfully
INFO: TEXTURE: [ID 19] Pixel data retrieved successfully
INFO: TEXTURE: [ID 19] Pixel data retrieved successfully
INFO: TEXTURE: [ID 19] Pixel data retrieved successfully
INFO: TEXTURE: [ID 19] Pixel data retrieved successfully
INFO: TEXTURE: [ID 19] Pixel data retrieved successfully
INFO: TEXTURE: [ID 19] Pixel data retrieved successfully
INFO: TEXTURE: [ID 19] Pixel data retrieved successfully
INFO: TEXTURE: [ID 19] Pixel data retrieved successfully
INFO: TEXTURE: [ID 19] Pixel data retrieved successfully
INFO: TEXTURE: [ID 19] Pixel data retrieved successfully
INFO: TEXTURE: [ID 19] Pixel data retrieved successfully
INFO: TEXTURE: [ID 19] Pixel data retrieved successfully
INFO: TEXTURE: [ID 19] Pixel data retrieved successfully
INFO: TEXTURE: [ID 19] Pixel data retrieved successfully
INFO: TEXTURE: [ID 19] Pixel data retrieved successfully
INFO: TEXTURE: [ID 19] Pixel data retrieved successfully
INFO: TEXTURE: [ID 19] Pixel data retrieved successfully
INFO: TEXTURE: [ID 19] Pixel data retrieved successfully
INFO: TEXTURE: [ID 19] Pixel data retrieved successfully
INFO: TEXTURE: [ID 19] Pixel data retrieved successfully
INFO: TEXTURE: [ID 19] Pixel data retrieved successfully
INFO: TEXTURE: [ID 19] Pixel data retrieved successfully
INFO: TEXTURE: [ID 19] Pixel data retrieved successfully
INFO: TEXTURE: [ID 19] Pixel data retrieved successfully
INFO: TEXTURE: [ID 19] Pixel data retrieved successfully
INFO: TEXTURE: [ID 19] Pixel data retrieved successfully
INFO: TEXTURE: [ID 19] Pixel data retrieved successfully
INFO: TEXTURE: [ID 19] Pixel data retrieved successfully
INFO: TEXTURE: [ID 19] Pixel data retrieved successfully
INFO: TEXTURE: [ID 19] Pixel data retrieved successfully
INFO: TEXTURE: [ID 19] Pixel data retrieved successfully
INFO: TEXTURE: [ID 19] Pixel data retrieved successfully
INFO: TEXTURE: [ID 19] Pixel data retrieved successfully
INFO: TEXTURE: [ID 19] Pixel data retrieved successfully
INFO: TEXTURE: [ID 19] Pixel data retrieved successfully
INFO: TEXTURE: [ID 19] Pixel data retrieved successfully
INFO: TEXTURE: [ID 19] Pixel data retrieved successfully
INFO: TEXTURE: [ID 19] Pixel data retrieved successfully
INFO: TEXTURE: [ID 19] Pixel data retrieved successfully
INFO: TEXTURE: [ID 19] Pixel data retrieved successfully
INFO: TEXTURE: [ID 19] Pixel data retrieved successfully
INFO: TEXTURE: [ID 19] Pixel data retrieved successfully
INFO: TEXTURE: [ID 19] Pixel data retrieved successfully
INFO: TEXTURE: [ID 19] Pixel data retrieved successfully
INFO: TEXTURE: [ID 19] Pixel data retrieved successfully
INFO: TEXTURE: [ID 19] Pixel data retrieved successfully
INFO: TEXTURE: [ID 19] Pixel data retrieved successfully
INFO: TEXTURE: [ID 19] Pixel data retrieved successfully
INFO: TEXTURE: [ID 19] Pixel data retrieved successfully
INFO: TEXTURE: [ID 19] Pixel data retrieved successfully
INFO: TEXTURE: [ID 19] Pixel data retrieved successfully
INFO: TEXTURE: [ID 19] Pixel data retrieved successfully
INFO: TEXTURE: [ID 19] Pixel data retrieved successfully
INFO: TEXTURE: [ID 19] Pixel data retrieved successfully
INFO: TEXTURE: [ID 19] Pixel data retrieved successfully
INFO: TEXTURE: [ID 19] Pixel data retrieved successfully
INFO: TEXTURE: [ID 19] Pixel data retrieved successfully
INFO: TEXTURE: [ID 19] Pixel data retrieved successfully
INFO: TEXTURE: [ID 19] Pixel data retrieved successfully
INFO: TEXTURE: [ID 19] Pixel data retrieved successfully
INFO: TEXTURE: [ID 19] Pixel data retrieved successfully
INFO: TEXTURE: [ID 19] Pixel data retrieved successfully
INFO: TEXTURE: [ID 19] Pixel data retrieved successfully
INFO: TEXTURE: [ID 19] Pixel data retrieved successfully
INFO: TEXTURE: [ID 19] Pixel data retrieved successfully
INFO: TEXTURE: [ID 19] Pixel data retrieved successfully
INFO: TEXTURE: [ID 19] Pixel data retrieved successfully
INFO: TEXTURE: [ID 19] Pixel data retrieved successfully
INFO: TEXTURE: [ID 19] Pixel data retrieved successfully
INFO: TEXTURE: [ID 19] Pixel data retrieved successfully
INFO: TEXTURE: [ID 19] Pixel data retrieved successfully
INFO: TEXTURE: [ID 19] Pixel data retrieved successfully
INFO: TEXTURE: [ID 19] Pixel data retrieved successfully
INFO: TEXTURE: [ID 19] Pixel data retrieved successfully
INFO: TEXTURE: [ID 19] Pixel data retrieved successfully
INFO: TEXTURE: [ID 19] Pixel data retrieved successfully
INFO: TEXTURE: [ID 19] Pixel data retrieved successfully
INFO: TEXTURE: [ID 19] Pixel data retrieved successfully
INFO: TEXTURE: [ID 19] Pixel data retrieved successfully
INFO: TEXTURE: [ID 19] Pixel data retrieved successfully
INFO: TEXTURE: [ID 19] Pixel data retrieved successfully
INFO: TEXTURE: [ID 19] Pixel data retrieved successfully
INFO: TEXTURE: [ID 19] Pixel data retrieved successfully
INFO: TEXTURE: [ID 19] Pixel data retrieved successfully
INFO: TEXTURE: [ID 19] Pixel data retrieved successfully
INFO: TEXTURE: [ID 19] Pixel data retrieved successfully
INFO: TEXTURE: [ID 19] Pixel data retrieved successfully
INFO: TEXTURE: [ID 19] Pixel data retrieved successfully
INFO: TEXTURE: [ID 19] Pixel data retrieved successfully
INFO: FILEIO: [/tmp/borrow-adventure-native-texts-opening-20260910-a/screenshot006.png] File saved successfully
INFO: FILEIO: [/tmp/borrow-adventure-native-texts-opening-20260910-a/screenshot006.png] Image exported successfully
INFO: SYSTEM: [/tmp/borrow-adventure-native-texts-opening-20260910-a/screenshot006.png] Screenshot taken successfully
INFO: TEXTURE: [ID 19] Pixel data retrieved successfully
INFO: TEXTURE: [ID 19] Pixel data retrieved successfully
INFO: FILEIO: [/tmp/borrow-adventure-native-texts-opening-20260910-a/userdata/captures/adventure/adventure-001015.png] File saved successfully
INFO: FILEIO: [/tmp/borrow-adventure-native-texts-opening-20260910-a/userdata/captures/adventure/adventure-001015.png] Image exported successfully
INFO: TEXTURE: [ID 19] Pixel data retrieved successfully
INFO: TEXTURE: [ID 19] Pixel data retrieved successfully
INFO: TEXTURE: [ID 19] Pixel data retrieved successfully
INFO: TEXTURE: [ID 19] Pixel data retrieved successfully
INFO: TEXTURE: [ID 19] Pixel data retrieved successfully
INFO: TEXTURE: [ID 19] Pixel data retrieved successfully
INFO: FILEIO: [/tmp/borrow-adventure-native-texts-opening-20260910-a/screenshot007.png] File saved successfully
INFO: FILEIO: [/tmp/borrow-adventure-native-texts-opening-20260910-a/screenshot007.png] Image exported successfully
INFO: SYSTEM: [/tmp/borrow-adventure-native-texts-opening-20260910-a/screenshot007.png] Screenshot taken successfully
INFO: TEXTURE: [ID 19] Pixel data retrieved successfully
INFO: TEXTURE: [ID 19] Pixel data retrieved successfully
INFO: FILEIO: [/tmp/borrow-adventure-native-texts-opening-20260910-a/userdata/captures/adventure/adventure-001024.png] File saved successfully
INFO: FILEIO: [/tmp/borrow-adventure-native-texts-opening-20260910-a/userdata/captures/adventure/adventure-001024.png] Image exported successfully
INFO: TEXTURE: [ID 19] Pixel data retrieved successfully
INFO: TEXTURE: [ID 19] Pixel data retrieved successfully
INFO: TEXTURE: [ID 19] Pixel data retrieved successfully
INFO: TEXTURE: [ID 19] Pixel data retrieved successfully
INFO: TEXTURE: [ID 19] Pixel data retrieved successfully
INFO: TEXTURE: [ID 19] Pixel data retrieved successfully
INFO: TEXTURE: [ID 19] Pixel data retrieved successfully
INFO: TEXTURE: [ID 19] Pixel data retrieved successfully
INFO: TEXTURE: [ID 19] Pixel data retrieved successfully
INFO: TEXTURE: [ID 19] Pixel data retrieved successfully
INFO: TEXTURE: [ID 19] Pixel data retrieved successfully
INFO: TEXTURE: [ID 19] Pixel data retrieved successfully
INFO: TEXTURE: [ID 19] Pixel data retrieved successfully
INFO: TEXTURE: [ID 19] Pixel data retrieved successfully
INFO: TEXTURE: [ID 19] Pixel data retrieved successfully
INFO: TEXTURE: [ID 19] Pixel data retrieved successfully
INFO: TEXTURE: [ID 19] Pixel data retrieved successfully
INFO: TEXTURE: [ID 19] Pixel data retrieved successfully
INFO: TEXTURE: [ID 19] Pixel data retrieved successfully
INFO: TEXTURE: [ID 19] Pixel data retrieved successfully
INFO: TEXTURE: [ID 19] Pixel data retrieved successfully
INFO: TEXTURE: [ID 19] Pixel data retrieved successfully
INFO: TEXTURE: [ID 19] Pixel data retrieved successfully
INFO: TEXTURE: [ID 19] Pixel data retrieved successfully
INFO: TEXTURE: [ID 19] Pixel data retrieved successfully
INFO: TEXTURE: [ID 19] Pixel data retrieved successfully
INFO: TEXTURE: [ID 19] Pixel data retrieved successfully
INFO: TEXTURE: [ID 19] Pixel data retrieved successfully
INFO: TEXTURE: [ID 19] Pixel data retrieved successfully
INFO: TEXTURE: [ID 19] Pixel data retrieved successfully
INFO: TEXTURE: [ID 19] Pixel data retrieved successfully
INFO: TEXTURE: [ID 19] Pixel data retrieved successfully
INFO: TEXTURE: [ID 19] Pixel data retrieved successfully
INFO: TEXTURE: [ID 19] Pixel data retrieved successfully
INFO: TEXTURE: [ID 19] Pixel data retrieved successfully
INFO: TEXTURE: [ID 19] Pixel data retrieved successfully
INFO: TEXTURE: [ID 19] Pixel data retrieved successfully
INFO: TEXTURE: [ID 19] Pixel data retrieved successfully
INFO: TEXTURE: [ID 19] Pixel data retrieved successfully
INFO: TEXTURE: [ID 19] Pixel data retrieved successfully
INFO: TEXTURE: [ID 19] Pixel data retrieved successfully
INFO: TEXTURE: [ID 19] Pixel data retrieved successfully
INFO: TEXTURE: [ID 19] Pixel data retrieved successfully
INFO: TEXTURE: [ID 19] Pixel data retrieved successfully
INFO: TEXTURE: [ID 19] Pixel data retrieved successfully
INFO: TEXTURE: [ID 19] Pixel data retrieved successfully
INFO: TEXTURE: [ID 19] Pixel data retrieved successfully
INFO: TEXTURE: [ID 19] Pixel data retrieved successfully
INFO: TEXTURE: [ID 19] Pixel data retrieved successfully
INFO: TEXTURE: [ID 19] Pixel data retrieved successfully
INFO: TEXTURE: [ID 19] Pixel data retrieved successfully
INFO: TEXTURE: [ID 19] Pixel data retrieved successfully
INFO: TEXTURE: [ID 19] Pixel data retrieved successfully
INFO: TEXTURE: [ID 19] Pixel data retrieved successfully
INFO: TEXTURE: [ID 19] Pixel data retrieved successfully
INFO: TEXTURE: [ID 19] Pixel data retrieved successfully
INFO: TEXTURE: [ID 19] Pixel data retrieved successfully
INFO: TEXTURE: [ID 19] Pixel data retrieved successfully
INFO: TEXTURE: [ID 19] Pixel data retrieved successfully
INFO: TEXTURE: [ID 19] Pixel data retrieved successfully
INFO: TEXTURE: [ID 19] Pixel data retrieved successfully
INFO: TEXTURE: [ID 19] Pixel data retrieved successfully
INFO: TEXTURE: [ID 19] Pixel data retrieved successfully
INFO: TEXTURE: [ID 19] Pixel data retrieved successfully
INFO: TEXTURE: [ID 19] Pixel data retrieved successfully
INFO: TEXTURE: [ID 19] Pixel data retrieved successfully
INFO: TEXTURE: [ID 19] Pixel data retrieved successfully
INFO: TEXTURE: [ID 19] Pixel data retrieved successfully
INFO: TEXTURE: [ID 19] Pixel data retrieved successfully
INFO: TEXTURE: [ID 19] Pixel data retrieved successfully
INFO: TEXTURE: [ID 19] Pixel data retrieved successfully
INFO: TEXTURE: [ID 19] Pixel data retrieved successfully
INFO: TEXTURE: [ID 19] Pixel data retrieved successfully
INFO: TEXTURE: [ID 19] Pixel data retrieved successfully
INFO: TEXTURE: [ID 19] Pixel data retrieved successfully
INFO: TEXTURE: [ID 19] Pixel data retrieved successfully
INFO: TEXTURE: [ID 19] Pixel data retrieved successfully
INFO: TEXTURE: [ID 19] Pixel data retrieved successfully
INFO: TEXTURE: [ID 19] Pixel data retrieved successfully
INFO: TEXTURE: [ID 19] Pixel data retrieved successfully
INFO: TEXTURE: [ID 19] Pixel data retrieved successfully
INFO: TEXTURE: [ID 19] Pixel data retrieved successfully
INFO: TEXTURE: [ID 19] Pixel data retrieved successfully
INFO: TEXTURE: [ID 19] Pixel data retrieved successfully
INFO: TEXTURE: [ID 19] Pixel data retrieved successfully
INFO: TEXTURE: [ID 19] Pixel data retrieved successfully
INFO: TEXTURE: [ID 19] Pixel data retrieved successfully
INFO: TEXTURE: [ID 19] Pixel data retrieved successfully
INFO: TEXTURE: [ID 19] Pixel data retrieved successfully
INFO: TEXTURE: [ID 19] Pixel data retrieved successfully
INFO: TEXTURE: [ID 19] Pixel data retrieved successfully
INFO: TEXTURE: [ID 19] Pixel data retrieved successfully
INFO: TEXTURE: [ID 19] Pixel data retrieved successfully
INFO: TEXTURE: [ID 19] Pixel data retrieved successfully
INFO: TEXTURE: [ID 19] Pixel data retrieved successfully
INFO: TEXTURE: [ID 19] Pixel data retrieved successfully
INFO: TEXTURE: [ID 19] Pixel data retrieved successfully
INFO: TEXTURE: [ID 19] Pixel data retrieved successfully
INFO: TEXTURE: [ID 19] Pixel data retrieved successfully
INFO: TEXTURE: [ID 19] Pixel data retrieved successfully
INFO: TEXTURE: [ID 19] Pixel data retrieved successfully
INFO: TEXTURE: [ID 19] Pixel data retrieved successfully
INFO: TEXTURE: [ID 19] Pixel data retrieved successfully
INFO: TEXTURE: [ID 19] Pixel data retrieved successfully
INFO: TEXTURE: [ID 19] Pixel data retrieved successfully
INFO: TEXTURE: [ID 19] Pixel data retrieved successfully
INFO: TEXTURE: [ID 19] Pixel data retrieved successfully
INFO: TEXTURE: [ID 19] Pixel data retrieved successfully
INFO: TEXTURE: [ID 19] Pixel data retrieved successfully
INFO: TEXTURE: [ID 19] Pixel data retrieved successfully
INFO: TEXTURE: [ID 19] Pixel data retrieved successfully
INFO: TEXTURE: [ID 19] Pixel data retrieved successfully
INFO: TEXTURE: [ID 19] Pixel data retrieved successfully
INFO: TEXTURE: [ID 19] Pixel data retrieved successfully
INFO: TEXTURE: [ID 19] Pixel data retrieved successfully
INFO: TEXTURE: [ID 19] Pixel data retrieved successfully
INFO: TEXTURE: [ID 19] Pixel data retrieved successfully
INFO: TEXTURE: [ID 19] Pixel data retrieved successfully
INFO: TEXTURE: [ID 19] Pixel data retrieved successfully
INFO: TEXTURE: [ID 19] Pixel data retrieved successfully
INFO: TEXTURE: [ID 19] Pixel data retrieved successfully
INFO: TEXTURE: [ID 19] Pixel data retrieved successfully
INFO: TEXTURE: [ID 19] Pixel data retrieved successfully
INFO: TEXTURE: [ID 19] Pixel data retrieved successfully
INFO: TEXTURE: [ID 19] Pixel data retrieved successfully
INFO: TEXTURE: [ID 19] Pixel data retrieved successfully
INFO: TEXTURE: [ID 19] Pixel data retrieved successfully
INFO: TEXTURE: [ID 19] Pixel data retrieved successfully
INFO: TEXTURE: [ID 19] Pixel data retrieved successfully
INFO: TEXTURE: [ID 19] Pixel data retrieved successfully
INFO: TEXTURE: [ID 19] Pixel data retrieved successfully
INFO: TEXTURE: [ID 19] Pixel data retrieved successfully
INFO: TEXTURE: [ID 19] Pixel data retrieved successfully
INFO: TEXTURE: [ID 19] Pixel data retrieved successfully
INFO: TEXTURE: [ID 19] Pixel data retrieved successfully
INFO: TEXTURE: [ID 19] Pixel data retrieved successfully
INFO: TEXTURE: [ID 19] Pixel data retrieved successfully
INFO: TEXTURE: [ID 19] Pixel data retrieved successfully
INFO: TEXTURE: [ID 19] Pixel data retrieved successfully
INFO: TEXTURE: [ID 19] Pixel data retrieved successfully
INFO: TEXTURE: [ID 19] Pixel data retrieved successfully
INFO: TEXTURE: [ID 19] Pixel data retrieved successfully
INFO: TEXTURE: [ID 19] Pixel data retrieved successfully
INFO: TEXTURE: [ID 19] Pixel data retrieved successfully
INFO: TEXTURE: [ID 19] Pixel data retrieved successfully
INFO: TEXTURE: [ID 19] Pixel data retrieved successfully
INFO: TEXTURE: [ID 19] Pixel data retrieved successfully
INFO: TEXTURE: [ID 19] Pixel data retrieved successfully
INFO: TEXTURE: [ID 19] Pixel data retrieved successfully
INFO: TEXTURE: [ID 19] Pixel data retrieved successfully
INFO: TEXTURE: [ID 19] Pixel data retrieved successfully
INFO: TEXTURE: [ID 19] Pixel data retrieved successfully
INFO: TEXTURE: [ID 19] Pixel data retrieved successfully
INFO: TEXTURE: [ID 19] Pixel data retrieved successfully
INFO: TEXTURE: [ID 19] Pixel data retrieved successfully
INFO: TEXTURE: [ID 19] Pixel data retrieved successfully
INFO: TEXTURE: [ID 19] Pixel data retrieved successfully
INFO: TEXTURE: [ID 19] Pixel data retrieved successfully
INFO: TEXTURE: [ID 19] Pixel data retrieved successfully
INFO: TEXTURE: [ID 19] Pixel data retrieved successfully
INFO: TEXTURE: [ID 19] Pixel data retrieved successfully
INFO: TEXTURE: [ID 19] Pixel data retrieved successfully
INFO: TEXTURE: [ID 19] Pixel data retrieved successfully
INFO: TEXTURE: [ID 19] Pixel data retrieved successfully
INFO: TEXTURE: [ID 19] Pixel data retrieved successfully
INFO: TEXTURE: [ID 19] Pixel data retrieved successfully
INFO: TEXTURE: [ID 19] Pixel data retrieved successfully
INFO: TEXTURE: [ID 19] Pixel data retrieved successfully
INFO: TEXTURE: [ID 19] Pixel data retrieved successfully
INFO: TEXTURE: [ID 19] Pixel data retrieved successfully
INFO: TEXTURE: [ID 19] Pixel data retrieved successfully
INFO: TEXTURE: [ID 19] Pixel data retrieved successfully
INFO: TEXTURE: [ID 19] Pixel data retrieved successfully
INFO: TEXTURE: [ID 19] Pixel data retrieved successfully
INFO: TEXTURE: [ID 19] Pixel data retrieved successfully
INFO: TEXTURE: [ID 19] Pixel data retrieved successfully
INFO: TEXTURE: [ID 19] Pixel data retrieved successfully
INFO: TEXTURE: [ID 19] Pixel data retrieved successfully
INFO: TEXTURE: [ID 19] Pixel data retrieved successfully
INFO: TEXTURE: [ID 19] Pixel data retrieved successfully
INFO: TEXTURE: [ID 19] Pixel data retrieved successfully
INFO: TEXTURE: [ID 19] Pixel data retrieved successfully
INFO: TEXTURE: [ID 19] Pixel data retrieved successfully
INFO: TEXTURE: [ID 19] Pixel data retrieved successfully
INFO: TEXTURE: [ID 19] Pixel data retrieved successfully
INFO: TEXTURE: [ID 19] Pixel data retrieved successfully
INFO: TEXTURE: [ID 19] Pixel data retrieved successfully
INFO: TEXTURE: [ID 19] Pixel data retrieved successfully
INFO: TEXTURE: [ID 19] Pixel data retrieved successfully
INFO: TEXTURE: [ID 19] Pixel data retrieved successfully
INFO: TEXTURE: [ID 19] Pixel data retrieved successfully
INFO: TEXTURE: [ID 19] Pixel data retrieved successfully
INFO: TEXTURE: [ID 19] Pixel data retrieved successfully
INFO: TEXTURE: [ID 19] Pixel data retrieved successfully
INFO: TEXTURE: [ID 19] Pixel data retrieved successfully
INFO: TEXTURE: [ID 19] Pixel data retrieved successfully
INFO: TEXTURE: [ID 19] Pixel data retrieved successfully
INFO: TEXTURE: [ID 19] Pixel data retrieved successfully
INFO: TEXTURE: [ID 19] Pixel data retrieved successfully
INFO: TEXTURE: [ID 19] Pixel data retrieved successfully
INFO: TEXTURE: [ID 19] Pixel data retrieved successfully
INFO: TEXTURE: [ID 19] Pixel data retrieved successfully
INFO: TEXTURE: [ID 19] Pixel data retrieved successfully
INFO: TEXTURE: [ID 19] Pixel data retrieved successfully
INFO: TEXTURE: [ID 19] Pixel data retrieved successfully
INFO: TEXTURE: [ID 19] Pixel data retrieved successfully
INFO: TEXTURE: [ID 19] Pixel data retrieved successfully
INFO: TEXTURE: [ID 19] Pixel data retrieved successfully
INFO: TEXTURE: [ID 19] Pixel data retrieved successfully
INFO: TEXTURE: [ID 19] Pixel data retrieved successfully
INFO: TEXTURE: [ID 19] Pixel data retrieved successfully
INFO: TEXTURE: [ID 19] Pixel data retrieved successfully
INFO: TEXTURE: [ID 19] Pixel data retrieved successfully
INFO: TEXTURE: [ID 19] Pixel data retrieved successfully
INFO: TEXTURE: [ID 19] Pixel data retrieved successfully
INFO: TEXTURE: [ID 19] Pixel data retrieved successfully
INFO: TEXTURE: [ID 19] Pixel data retrieved successfully
INFO: TEXTURE: [ID 19] Pixel data retrieved successfully
INFO: TEXTURE: [ID 19] Pixel data retrieved successfully
INFO: TEXTURE: [ID 19] Pixel data retrieved successfully
INFO: TEXTURE: [ID 19] Pixel data retrieved successfully
INFO: TEXTURE: [ID 19] Pixel data retrieved successfully
INFO: TEXTURE: [ID 19] Pixel data retrieved successfully
INFO: TEXTURE: [ID 19] Pixel data retrieved successfully
INFO: TEXTURE: [ID 19] Pixel data retrieved successfully
INFO: TEXTURE: [ID 19] Pixel data retrieved successfully
INFO: FILEIO: [/tmp/borrow-adventure-native-texts-opening-20260910-a/screenshot008.png] File saved successfully
INFO: FILEIO: [/tmp/borrow-adventure-native-texts-opening-20260910-a/screenshot008.png] Image exported successfully
INFO: SYSTEM: [/tmp/borrow-adventure-native-texts-opening-20260910-a/screenshot008.png] Screenshot taken successfully
INFO: TEXTURE: [ID 19] Pixel data retrieved successfully
INFO: TEXTURE: [ID 19] Pixel data retrieved successfully
INFO: FILEIO: [/tmp/borrow-adventure-native-texts-opening-20260910-a/userdata/captures/adventure/adventure-001424.png] File saved successfully
INFO: FILEIO: [/tmp/borrow-adventure-native-texts-opening-20260910-a/userdata/captures/adventure/adventure-001424.png] Image exported successfully
INFO: TEXTURE: [ID 19] Pixel data retrieved successfully
INFO: TEXTURE: [ID 19] Pixel data retrieved successfully
INFO: TEXTURE: [ID 19] Pixel data retrieved successfully
INFO: TEXTURE: [ID 19] Pixel data retrieved successfully
INFO: TEXTURE: [ID 19] Pixel data retrieved successfully
INFO: TEXTURE: [ID 19] Pixel data retrieved successfully
INFO: TEXTURE: [ID 19] Pixel data retrieved successfully
INFO: TEXTURE: [ID 19] Pixel data retrieved successfully
INFO: TEXTURE: [ID 19] Pixel data retrieved successfully
INFO: TEXTURE: [ID 19] Pixel data retrieved successfully
INFO: TEXTURE: [ID 19] Pixel data retrieved successfully
INFO: TEXTURE: [ID 19] Pixel data retrieved successfully
INFO: TEXTURE: [ID 19] Pixel data retrieved successfully
INFO: TEXTURE: [ID 19] Pixel data retrieved successfully
INFO: TEXTURE: [ID 19] Pixel data retrieved successfully
INFO: TEXTURE: [ID 19] Pixel data retrieved successfully
INFO: TEXTURE: [ID 19] Pixel data retrieved successfully
INFO: TEXTURE: [ID 19] Pixel data retrieved successfully
INFO: TEXTURE: [ID 19] Pixel data retrieved successfully
INFO: TEXTURE: [ID 19] Pixel data retrieved successfully
INFO: TEXTURE: [ID 19] Pixel data retrieved successfully
INFO: TEXTURE: [ID 19] Pixel data retrieved successfully
INFO: TEXTURE: [ID 19] Pixel data retrieved successfully
INFO: TEXTURE: [ID 19] Pixel data retrieved successfully
INFO: TEXTURE: [ID 19] Pixel data retrieved successfully
INFO: TEXTURE: [ID 19] Pixel data retrieved successfully
INFO: TEXTURE: [ID 19] Pixel data retrieved successfully
INFO: TEXTURE: [ID 19] Pixel data retrieved successfully
INFO: TEXTURE: [ID 19] Pixel data retrieved successfully
INFO: TEXTURE: [ID 19] Pixel data retrieved successfully
INFO: TEXTURE: [ID 19] Pixel data retrieved successfully
INFO: TEXTURE: [ID 19] Pixel data retrieved successfully
INFO: TEXTURE: [ID 19] Pixel data retrieved successfully
INFO: TEXTURE: [ID 19] Pixel data retrieved successfully
INFO: TEXTURE: [ID 19] Pixel data retrieved successfully
INFO: TEXTURE: [ID 19] Pixel data retrieved successfully
INFO: TEXTURE: [ID 19] Pixel data retrieved successfully
INFO: TEXTURE: [ID 19] Pixel data retrieved successfully
INFO: TEXTURE: [ID 19] Pixel data retrieved successfully
INFO: TEXTURE: [ID 19] Pixel data retrieved successfully
INFO: TEXTURE: [ID 19] Pixel data retrieved successfully
INFO: TEXTURE: [ID 19] Pixel data retrieved successfully
INFO: TEXTURE: [ID 19] Pixel data retrieved successfully
INFO: TEXTURE: [ID 19] Pixel data retrieved successfully
INFO: TEXTURE: [ID 19] Pixel data retrieved successfully
INFO: TEXTURE: [ID 19] Pixel data retrieved successfully
INFO: TEXTURE: [ID 19] Pixel data retrieved successfully
INFO: TEXTURE: [ID 19] Pixel data retrieved successfully
INFO: TEXTURE: [ID 19] Pixel data retrieved successfully
INFO: TEXTURE: [ID 19] Pixel data retrieved successfully
INFO: TEXTURE: [ID 19] Pixel data retrieved successfully
INFO: TEXTURE: [ID 19] Pixel data retrieved successfully
INFO: TEXTURE: [ID 19] Pixel data retrieved successfully
INFO: TEXTURE: [ID 19] Pixel data retrieved successfully
INFO: FILEIO: [/tmp/borrow-adventure-native-texts-opening-20260910-a/screenshot009.png] File saved successfully
INFO: FILEIO: [/tmp/borrow-adventure-native-texts-opening-20260910-a/screenshot009.png] Image exported successfully
INFO: SYSTEM: [/tmp/borrow-adventure-native-texts-opening-20260910-a/screenshot009.png] Screenshot taken successfully
INFO: TEXTURE: [ID 19] Pixel data retrieved successfully
INFO: TEXTURE: [ID 19] Pixel data retrieved successfully
INFO: FILEIO: [/tmp/borrow-adventure-native-texts-opening-20260910-a/userdata/captures/adventure/adventure-001520.png] File saved successfully
INFO: FILEIO: [/tmp/borrow-adventure-native-texts-opening-20260910-a/userdata/captures/adventure/adventure-001520.png] Image exported successfully
INFO: TEXTURE: [ID 19] Pixel data retrieved successfully
INFO: TEXTURE: [ID 19] Pixel data retrieved successfully
INFO: TEXTURE: [ID 19] Pixel data retrieved successfully
INFO: TEXTURE: [ID 19] Pixel data retrieved successfully
INFO: TEXTURE: [ID 19] Pixel data retrieved successfully
INFO: TEXTURE: [ID 19] Pixel data retrieved successfully
INFO: TEXTURE: [ID 19] Pixel data retrieved successfully
INFO: TEXTURE: [ID 19] Pixel data retrieved successfully
INFO: TEXTURE: [ID 19] Pixel data retrieved successfully
INFO: TEXTURE: [ID 19] Pixel data retrieved successfully
INFO: TEXTURE: [ID 19] Pixel data retrieved successfully
INFO: TEXTURE: [ID 19] Pixel data retrieved successfully
INFO: TEXTURE: [ID 19] Pixel data retrieved successfully
INFO: TEXTURE: [ID 19] Pixel data retrieved successfully
INFO: TEXTURE: [ID 19] Pixel data retrieved successfully
INFO: TEXTURE: [ID 19] Pixel data retrieved successfully
INFO: TEXTURE: [ID 19] Pixel data retrieved successfully
INFO: TEXTURE: [ID 19] Pixel data retrieved successfully
INFO: TEXTURE: [ID 19] Pixel data retrieved successfully
INFO: TEXTURE: [ID 19] Pixel data retrieved successfully
INFO: TEXTURE: [ID 19] Pixel data retrieved successfully
INFO: TEXTURE: [ID 19] Pixel data retrieved successfully
INFO: TEXTURE: [ID 19] Pixel data retrieved successfully
INFO: TEXTURE: [ID 19] Pixel data retrieved successfully
INFO: TEXTURE: [ID 19] Pixel data retrieved successfully
INFO: TEXTURE: [ID 19] Pixel data retrieved successfully
INFO: TEXTURE: [ID 19] Pixel data retrieved successfully
INFO: TEXTURE: [ID 19] Pixel data retrieved successfully
INFO: TEXTURE: [ID 19] Pixel data retrieved successfully
INFO: TEXTURE: [ID 19] Pixel data retrieved successfully
INFO: TEXTURE: [ID 19] Pixel data retrieved successfully
INFO: TEXTURE: [ID 19] Pixel data retrieved successfully
INFO: TEXTURE: [ID 19] Pixel data retrieved successfully
INFO: TEXTURE: [ID 19] Pixel data retrieved successfully
INFO: TEXTURE: [ID 19] Pixel data retrieved successfully
INFO: TEXTURE: [ID 19] Pixel data retrieved successfully
INFO: TEXTURE: [ID 19] Pixel data retrieved successfully
INFO: TEXTURE: [ID 19] Pixel data retrieved successfully
INFO: TEXTURE: [ID 19] Pixel data retrieved successfully
INFO: TEXTURE: [ID 19] Pixel data retrieved successfully
INFO: TEXTURE: [ID 19] Pixel data retrieved successfully
INFO: TEXTURE: [ID 19] Pixel data retrieved successfully
INFO: TEXTURE: [ID 19] Pixel data retrieved successfully
INFO: TEXTURE: [ID 19] Pixel data retrieved successfully
INFO: TEXTURE: [ID 19] Pixel data retrieved successfully
INFO: TEXTURE: [ID 19] Pixel data retrieved successfully
INFO: TEXTURE: [ID 19] Pixel data retrieved successfully
INFO: TEXTURE: [ID 19] Pixel data retrieved successfully
INFO: TEXTURE: [ID 19] Pixel data retrieved successfully
INFO: TEXTURE: [ID 19] Pixel data retrieved successfully
INFO: TEXTURE: [ID 19] Pixel data retrieved successfully
INFO: TEXTURE: [ID 19] Pixel data retrieved successfully
INFO: TEXTURE: [ID 19] Pixel data retrieved successfully
INFO: TEXTURE: [ID 19] Pixel data retrieved successfully
INFO: TEXTURE: [ID 19] Pixel data retrieved successfully
INFO: TEXTURE: [ID 19] Pixel data retrieved successfully
INFO: TEXTURE: [ID 19] Pixel data retrieved successfully
INFO: TEXTURE: [ID 19] Pixel data retrieved successfully
INFO: TEXTURE: [ID 19] Pixel data retrieved successfully
INFO: TEXTURE: [ID 19] Pixel data retrieved successfully
INFO: TEXTURE: [ID 19] Pixel data retrieved successfully
INFO: TEXTURE: [ID 19] Pixel data retrieved successfully
INFO: TEXTURE: [ID 19] Pixel data retrieved successfully
INFO: TEXTURE: [ID 19] Pixel data retrieved successfully
INFO: TEXTURE: [ID 19] Pixel data retrieved successfully
INFO: TEXTURE: [ID 19] Pixel data retrieved successfully
INFO: TEXTURE: [ID 19] Pixel data retrieved successfully
INFO: TEXTURE: [ID 19] Pixel data retrieved successfully
INFO: TEXTURE: [ID 19] Pixel data retrieved successfully
INFO: TEXTURE: [ID 19] Pixel data retrieved successfully
INFO: TEXTURE: [ID 19] Pixel data retrieved successfully
INFO: TEXTURE: [ID 19] Pixel data retrieved successfully
INFO: TEXTURE: [ID 19] Pixel data retrieved successfully
INFO: TEXTURE: [ID 19] Pixel data retrieved successfully
INFO: TEXTURE: [ID 19] Pixel data retrieved successfully
INFO: TEXTURE: [ID 19] Pixel data retrieved successfully
INFO: TEXTURE: [ID 19] Pixel data retrieved successfully
INFO: TEXTURE: [ID 19] Pixel data retrieved successfully
INFO: TEXTURE: [ID 19] Pixel data retrieved successfully
INFO: TEXTURE: [ID 19] Pixel data retrieved successfully
INFO: TEXTURE: [ID 19] Pixel data retrieved successfully
INFO: TEXTURE: [ID 19] Pixel data retrieved successfully
INFO: TEXTURE: [ID 19] Pixel data retrieved successfully
INFO: TEXTURE: [ID 19] Pixel data retrieved successfully
INFO: TEXTURE: [ID 19] Pixel data retrieved successfully
INFO: TEXTURE: [ID 19] Pixel data retrieved successfully
INFO: TEXTURE: [ID 19] Pixel data retrieved successfully
INFO: TEXTURE: [ID 19] Pixel data retrieved successfully
INFO: TEXTURE: [ID 19] Pixel data retrieved successfully
INFO: TEXTURE: [ID 19] Pixel data retrieved successfully
INFO: TEXTURE: [ID 19] Pixel data retrieved successfully
INFO: TEXTURE: [ID 19] Pixel data retrieved successfully
INFO: TEXTURE: [ID 19] Pixel data retrieved successfully
INFO: TEXTURE: [ID 19] Pixel data retrieved successfully
INFO: TEXTURE: [ID 19] Pixel data retrieved successfully
INFO: TEXTURE: [ID 19] Pixel data retrieved successfully
INFO: TEXTURE: [ID 19] Pixel data retrieved successfully
INFO: TEXTURE: [ID 19] Pixel data retrieved successfully
INFO: TEXTURE: [ID 19] Pixel data retrieved successfully
INFO: TEXTURE: [ID 19] Pixel data retrieved successfully
INFO: TEXTURE: [ID 19] Pixel data retrieved successfully
INFO: TEXTURE: [ID 19] Pixel data retrieved successfully
INFO: TEXTURE: [ID 19] Pixel data retrieved successfully
INFO: TEXTURE: [ID 19] Pixel data retrieved successfully
INFO: TEXTURE: [ID 19] Pixel data retrieved successfully
INFO: TEXTURE: [ID 19] Pixel data retrieved successfully
INFO: TEXTURE: [ID 19] Pixel data retrieved successfully
INFO: TEXTURE: [ID 19] Pixel data retrieved successfully
INFO: TEXTURE: [ID 19] Pixel data retrieved successfully
INFO: TEXTURE: [ID 19] Pixel data retrieved successfully
INFO: TEXTURE: [ID 19] Pixel data retrieved successfully
INFO: TEXTURE: [ID 19] Pixel data retrieved successfully
INFO: TEXTURE: [ID 19] Pixel data retrieved successfully
INFO: TEXTURE: [ID 19] Pixel data retrieved successfully
INFO: TEXTURE: [ID 19] Pixel data retrieved successfully
INFO: TEXTURE: [ID 19] Pixel data retrieved successfully
INFO: TEXTURE: [ID 19] Pixel data retrieved successfully
INFO: TEXTURE: [ID 19] Pixel data retrieved successfully
INFO: TEXTURE: [ID 19] Pixel data retrieved successfully
INFO: TEXTURE: [ID 19] Pixel data retrieved successfully
INFO: TEXTURE: [ID 19] Pixel data retrieved successfully
INFO: TEXTURE: [ID 19] Pixel data retrieved successfully
INFO: TEXTURE: [ID 19] Pixel data retrieved successfully
INFO: TEXTURE: [ID 19] Pixel data retrieved successfully
INFO: TEXTURE: [ID 19] Pixel data retrieved successfully
INFO: TEXTURE: [ID 19] Pixel data retrieved successfully
INFO: TEXTURE: [ID 19] Pixel data retrieved successfully
INFO: TEXTURE: [ID 19] Pixel data retrieved successfully
INFO: TEXTURE: [ID 19] Pixel data retrieved successfully
INFO: TEXTURE: [ID 19] Pixel data retrieved successfully
INFO: TEXTURE: [ID 19] Pixel data retrieved successfully
INFO: TEXTURE: [ID 19] Pixel data retrieved successfully
INFO: TEXTURE: [ID 19] Pixel data retrieved successfully
INFO: TEXTURE: [ID 19] Pixel data retrieved successfully
INFO: TEXTURE: [ID 19] Pixel data retrieved successfully
INFO: TEXTURE: [ID 19] Pixel data retrieved successfully
INFO: TEXTURE: [ID 19] Pixel data retrieved successfully
INFO: TEXTURE: [ID 19] Pixel data retrieved successfully
INFO: TEXTURE: [ID 19] Pixel data retrieved successfully
INFO: TEXTURE: [ID 19] Pixel data retrieved successfully
INFO: TEXTURE: [ID 19] Pixel data retrieved successfully
INFO: TEXTURE: [ID 19] Pixel data retrieved successfully
INFO: TEXTURE: [ID 19] Pixel data retrieved successfully
INFO: TEXTURE: [ID 19] Pixel data retrieved successfully
INFO: TEXTURE: [ID 19] Pixel data retrieved successfully
INFO: FILEIO: [/tmp/borrow-adventure-native-texts-opening-20260910-a/screenshot010.png] File saved successfully
INFO: FILEIO: [/tmp/borrow-adventure-native-texts-opening-20260910-a/screenshot010.png] Image exported successfully
INFO: SYSTEM: [/tmp/borrow-adventure-native-texts-opening-20260910-a/screenshot010.png] Screenshot taken successfully
INFO: TEXTURE: [ID 19] Pixel data retrieved successfully
INFO: TEXTURE: [ID 19] Pixel data retrieved successfully
INFO: FILEIO: [/tmp/borrow-adventure-native-texts-opening-20260910-a/userdata/captures/adventure/adventure-001778.png] File saved successfully
INFO: FILEIO: [/tmp/borrow-adventure-native-texts-opening-20260910-a/userdata/captures/adventure/adventure-001778.png] Image exported successfully
INFO: TEXTURE: [ID 19] Pixel data retrieved successfully
INFO: TEXTURE: [ID 19] Pixel data retrieved successfully
INFO: TEXTURE: [ID 19] Pixel data retrieved successfully
INFO: TEXTURE: [ID 19] Pixel data retrieved successfully
INFO: TEXTURE: [ID 19] Pixel data retrieved successfully
INFO: TEXTURE: [ID 19] Pixel data retrieved successfully
INFO: TEXTURE: [ID 19] Pixel data retrieved successfully
INFO: TEXTURE: [ID 19] Pixel data retrieved successfully
INFO: TEXTURE: [ID 19] Pixel data retrieved successfully
INFO: TEXTURE: [ID 19] Pixel data retrieved successfully
INFO: TEXTURE: [ID 19] Pixel data retrieved successfully
INFO: TEXTURE: [ID 19] Pixel data retrieved successfully
INFO: TEXTURE: [ID 19] Pixel data retrieved successfully
INFO: TEXTURE: [ID 19] Pixel data retrieved successfully
INFO: TEXTURE: [ID 19] Pixel data retrieved successfully
INFO: TEXTURE: [ID 19] Pixel data retrieved successfully
INFO: TEXTURE: [ID 19] Pixel data retrieved successfully
INFO: TEXTURE: [ID 19] Pixel data retrieved successfully
INFO: TEXTURE: [ID 19] Pixel data retrieved successfully
INFO: TEXTURE: [ID 19] Pixel data retrieved successfully
INFO: TEXTURE: [ID 19] Pixel data retrieved successfully
INFO: TEXTURE: [ID 19] Pixel data retrieved successfully
INFO: TEXTURE: [ID 19] Pixel data retrieved successfully
INFO: TEXTURE: [ID 19] Pixel data retrieved successfully
INFO: FILEIO: [/tmp/borrow-adventure-native-texts-opening-20260910-a/screenshot011.png] File saved successfully
INFO: FILEIO: [/tmp/borrow-adventure-native-texts-opening-20260910-a/screenshot011.png] Image exported successfully
INFO: SYSTEM: [/tmp/borrow-adventure-native-texts-opening-20260910-a/screenshot011.png] Screenshot taken successfully
INFO: TEXTURE: [ID 19] Pixel data retrieved successfully
INFO: TEXTURE: [ID 19] Pixel data retrieved successfully
INFO: FILEIO: [/tmp/borrow-adventure-native-texts-opening-20260910-a/userdata/captures/adventure/adventure-001813.png] File saved successfully
INFO: FILEIO: [/tmp/borrow-adventure-native-texts-opening-20260910-a/userdata/captures/adventure/adventure-001813.png] Image exported successfully
INFO: TEXTURE: [ID 19] Pixel data retrieved successfully
INFO: TEXTURE: [ID 19] Pixel data retrieved successfully
INFO: TEXTURE: [ID 19] Pixel data retrieved successfully
INFO: TEXTURE: [ID 19] Pixel data retrieved successfully
INFO: TEXTURE: [ID 19] Pixel data retrieved successfully
INFO: TEXTURE: [ID 19] Pixel data retrieved successfully
INFO: TEXTURE: [ID 19] Pixel data retrieved successfully
INFO: TEXTURE: [ID 19] Pixel data retrieved successfully
INFO: TEXTURE: [ID 19] Pixel data retrieved successfully
INFO: TEXTURE: [ID 19] Pixel data retrieved successfully
INFO: TEXTURE: [ID 19] Pixel data retrieved successfully
INFO: TEXTURE: [ID 19] Pixel data retrieved successfully
INFO: TEXTURE: [ID 19] Pixel data retrieved successfully
INFO: TEXTURE: [ID 19] Pixel data retrieved successfully
INFO: TEXTURE: [ID 19] Pixel data retrieved successfully
INFO: FILEIO: [/tmp/borrow-adventure-native-texts-opening-20260910-a/screenshot012.png] File saved successfully
INFO: FILEIO: [/tmp/borrow-adventure-native-texts-opening-20260910-a/screenshot012.png] Image exported successfully
INFO: SYSTEM: [/tmp/borrow-adventure-native-texts-opening-20260910-a/screenshot012.png] Screenshot taken successfully
INFO: TEXTURE: [ID 19] Pixel data retrieved successfully
INFO: TEXTURE: [ID 19] Pixel data retrieved successfully
INFO: FILEIO: [/tmp/borrow-adventure-native-texts-opening-20260910-a/userdata/captures/adventure/adventure-001836.png] File saved successfully
INFO: FILEIO: [/tmp/borrow-adventure-native-texts-opening-20260910-a/userdata/captures/adventure/adventure-001836.png] Image exported successfully
INFO: TEXTURE: [ID 19] Pixel data retrieved successfully
INFO: TEXTURE: [ID 19] Pixel data retrieved successfully
INFO: TEXTURE: [ID 19] Pixel data retrieved successfully
INFO: TEXTURE: [ID 19] Pixel data retrieved successfully
INFO: TEXTURE: [ID 19] Pixel data retrieved successfully
INFO: FILEIO: [/tmp/borrow-adventure-native-texts-opening-20260910-a/screenshot013.png] File saved successfully
INFO: FILEIO: [/tmp/borrow-adventure-native-texts-opening-20260910-a/screenshot013.png] Image exported successfully
INFO: SYSTEM: [/tmp/borrow-adventure-native-texts-opening-20260910-a/screenshot013.png] Screenshot taken successfully
INFO: TEXTURE: [ID 19] Pixel data retrieved successfully
INFO: TEXTURE: [ID 19] Pixel data retrieved successfully
INFO: FILEIO: [/tmp/borrow-adventure-native-texts-opening-20260910-a/userdata/captures/adventure/adventure-001844.png] File saved successfully
INFO: FILEIO: [/tmp/borrow-adventure-native-texts-opening-20260910-a/userdata/captures/adventure/adventure-001844.png] Image exported successfully
INFO: TEXTURE: [ID 19] Pixel data retrieved successfully
INFO: TEXTURE: [ID 19] Pixel data retrieved successfully
INFO: TEXTURE: [ID 19] Pixel data retrieved successfully
INFO: TEXTURE: [ID 19] Pixel data retrieved successfully
INFO: TEXTURE: [ID 19] Pixel data retrieved successfully
INFO: TEXTURE: [ID 19] Pixel data retrieved successfully
INFO: FILEIO: [/tmp/borrow-adventure-native-texts-opening-20260910-a/screenshot014.png] File saved successfully
INFO: FILEIO: [/tmp/borrow-adventure-native-texts-opening-20260910-a/screenshot014.png] Image exported successfully
INFO: SYSTEM: [/tmp/borrow-adventure-native-texts-opening-20260910-a/screenshot014.png] Screenshot taken successfully
INFO: TEXTURE: [ID 19] Pixel data retrieved successfully
INFO: TEXTURE: [ID 19] Pixel data retrieved successfully
INFO: FILEIO: [/tmp/borrow-adventure-native-texts-opening-20260910-a/userdata/captures/adventure/adventure-001853.png] File saved successfully
INFO: FILEIO: [/tmp/borrow-adventure-native-texts-opening-20260910-a/userdata/captures/adventure/adventure-001853.png] Image exported successfully
INFO: TEXTURE: [ID 19] Pixel data retrieved successfully
INFO: TEXTURE: [ID 19] Pixel data retrieved successfully
INFO: TEXTURE: [ID 19] Pixel data retrieved successfully
INFO: FBO: [ID 1] Unloaded framebuffer from VRAM (GPU)
INFO: TEXTURE: [ID 12] Unloaded texture data from VRAM (GPU)
INFO: TEXTURE: [ID 13] Unloaded texture data from VRAM (GPU)
INFO: TEXTURE: [ID 5] Unloaded texture data from VRAM (GPU)
INFO: TEXTURE: [ID 6] Unloaded texture data from VRAM (GPU)
INFO: TEXTURE: [ID 7] Unloaded texture data from VRAM (GPU)
INFO: TEXTURE: [ID 8] Unloaded texture data from VRAM (GPU)
INFO: TEXTURE: [ID 9] Unloaded texture data from VRAM (GPU)
INFO: TEXTURE: [ID 10] Unloaded texture data from VRAM (GPU)
INFO: TEXTURE: [ID 11] Unloaded texture data from VRAM (GPU)
INFO: TEXTURE: [ID 14] Unloaded texture data from VRAM (GPU)
INFO: TEXTURE: [ID 15] Unloaded texture data from VRAM (GPU)
INFO: TEXTURE: [ID 16] Unloaded texture data from VRAM (GPU)
INFO: TEXTURE: [ID 17] Unloaded texture data from VRAM (GPU)
INFO: TEXTURE: [ID 18] Unloaded texture data from VRAM (GPU)
INFO: TEXTURE: [ID 3] Unloaded texture data from VRAM (GPU)
INFO: TEXTURE: [ID 4] Unloaded texture data from VRAM (GPU)
INFO: TEXTURE: [ID 2] Unloaded texture data from VRAM (GPU)
INFO: SHADER: [ID 3] Default shader unloaded successfully
INFO: TEXTURE: [ID 1] Default texture unloaded successfully
INFO: Window closed successfully
